Thermal-SA-TAS v3 integrated seeds 40-49 started at 2026-06-13T21:08:29.7356413+08:00
Python: D:\anaconda3\python.exe
START seed=40 at 2026-06-13T21:08:29.7529131+08:00 out=D:\HNOCS\out\thermal-sa-tas-results\final\thermal-sa-tas-v3-integrated-seeds40-49\seed_40
DONE seed=40 at 2026-06-13T21:10:53.1608532+08:00
START seed=41 at 2026-06-13T21:10:53.1621400+08:00 out=D:\HNOCS\out\thermal-sa-tas-results\final\thermal-sa-tas-v3-integrated-seeds40-49\seed_41
DONE seed=41 at 2026-06-13T21:13:11.6593738+08:00
START seed=42 at 2026-06-13T21:13:11.6603791+08:00 out=D:\HNOCS\out\thermal-sa-tas-results\final\thermal-sa-tas-v3-integrated-seeds40-49\seed_42
DONE seed=42 at 2026-06-13T21:15:44.5169328+08:00
START seed=43 at 2026-06-13T21:15:44.5189291+08:00 out=D:\HNOCS\out\thermal-sa-tas-results\final\thermal-sa-tas-v3-integrated-seeds40-49\seed_43
DONE seed=43 at 2026-06-13T21:18:24.8126281+08:00
START seed=44 at 2026-06-13T21:18:24.8136246+08:00 out=D:\HNOCS\out\thermal-sa-tas-results\final\thermal-sa-tas-v3-integrated-seeds40-49\seed_44
DONE seed=44 at 2026-06-13T21:21:31.9565502+08:00
START seed=45 at 2026-06-13T21:21:31.9585822+08:00 out=D:\HNOCS\out\thermal-sa-tas-results\final\thermal-sa-tas-v3-integrated-seeds40-49\seed_45
DONE seed=45 at 2026-06-13T21:24:57.4632439+08:00
START seed=46 at 2026-06-13T21:24:57.4653883+08:00 out=D:\HNOCS\out\thermal-sa-tas-results\final\thermal-sa-tas-v3-integrated-seeds40-49\seed_46
DONE seed=46 at 2026-06-13T21:28:02.8947106+08:00
START seed=47 at 2026-06-13T21:28:02.8957142+08:00 out=D:\HNOCS\out\thermal-sa-tas-results\final\thermal-sa-tas-v3-integrated-seeds40-49\seed_47
DONE seed=47 at 2026-06-13T21:31:26.7358058+08:00
START seed=48 at 2026-06-13T21:31:26.7387972+08:00 out=D:\HNOCS\out\thermal-sa-tas-results\final\thermal-sa-tas-v3-integrated-seeds40-49\seed_48
DONE seed=48 at 2026-06-13T21:34:43.7375458+08:00
START seed=49 at 2026-06-13T21:34:43.7385424+08:00 out=D:\HNOCS\out\thermal-sa-tas-results\final\thermal-sa-tas-v3-integrated-seeds40-49\seed_49
DONE seed=49 at 2026-06-13T21:37:26.5291873+08:00
Thermal-SA-TAS v3 integrated seeds 40-49 finished at 2026-06-13T21:37:26.5301838+08:00
